// Jest Snapshot v1, https://goo.gl/fbAQLP

exports[`Notify.vue should match snapshot 1`] = `
<div on="[object Object]" class="v-snack v-snack--bottom" style="display: none;" name="v-snack-transition">
  <div class="v-snack__wrapper">
    <div class="v-snack__content"><i aria-hidden="true" class="v-icon mr-3 material-icons theme--light info--text" style="font-size: 28px;">info</i>

      <button type="button" class="v-btn v-btn--flat theme--light pink--text">
        <div class="v-btn__content">Close</div>
      </button></div>
  </div>
</div>
`;
